// Jest Snapshot v1, https://goo.gl/fbAQLP

exports[`should render without crushing 1`] = `
<div>
  <header>
    <li>
      <a
        href="/home"
        onClick={[Function]}
      >
        Home
      </a>
    </li>
    <li>
      <a
        href="/about"
        onClick={[Function]}
      >
        About
      </a>
    </li>
    <li>
      <a
        href="/articles"
        onClick={[Function]}
      >
        Articles
      </a>
    </li>
  </header>
</div>
`;
